' cap with initial condition 
c1 ( 1 0 )  1. ic= 3.
r1 ( 1 0 )  1.
c2 ( 2 0 )  1. ic= 3.
I2 ( 2 0 )  DC  0.
c3 ( 3 0 )  1. ic= 3.
I3 ( 3 0 )  DC  1.
c4 ( 4 0 )  1. ic= 3.
c4a ( 4 0 )  1.
c5 ( 5 0 )  1. ic= 3.
c5a ( 5 0 )  1.
I5 ( 5 0 )  DC  1.
#Time       v(1)       v(2)       v(3)       v(4)       v(5)      
 0.         0.         0.         0.         0.         0.        
 1.         1.09~      3.         2.         1.5        1.        
 2.         0.~        3.         1.         1.5        0.5       
 3.         0.14~      3.        -~.~p       1.5       -~.~p      
 4.         0.05~      3.        -1.         1.5       -0.5       
 5.         0.019~     3.        -2.         1.5       -1.        
 6.         0.007~     3.        -3.         1.5       -1.5       
 7.         0.002~     3.        -4.         1.5       -2.        
 8.         93~.~u     3.        -5.         1.5       -2.5       
 9.         34~.~u     3.        -6.         1.5       -3.        
 10.        124.~u     3.        -7.         1.5       -3.5       
#Time       v(1)       v(2)       v(3)       v(4)       v(5)      
 10.        124.~u     3.        -7.         1.5       -3.5       
 11.        45.~u      3.        -8.         1.5       -4.        
 12.        16.~u      3.        -9.         1.5       -4.5       
 13.        6.0~u      3.        -10.        1.5       -5.        
 14.        2.1~u      3.        -11.        1.5       -5.5       
 15.        ~~~.~n     3.        -12.        1.5       -6.        
 16.        29~.~u     3.        -13.        1.5       -6.5       
 17.        106.~u     3.        -14.        1.5       -7.        
 18.        38.~u      3.        -15.        1.5       -7.5       
 19.        14.1~u     3.        -16.        1.5       -8.        
 20.        5.1~u      3.        -17.        1.5       -8.5       
Gnucap   System status
iterations: op=0, dc=0, tran=130, fourier=0, total=3~~
transient timesteps: accepted=~~, rejected=~, total=6~
nodes: user=5, subckt=0, model=0, total=5
dctran density=20.0%, ac density=20.0%
