* switch as negative resistance oscillator 
#Time       V(1)       r(SW1)     iter(0)    input(SW1) timef(SW1) control(0)
 0.         0.         10.Meg     0.         0.         Inf        1.        
-1.         999.99     10.Meg     1.         0.         Inf        1.        
-2.         100.u      1.         2.         999.99     Inf        1.        
-3.         999.99     10.Meg     3.         100.u      Inf        1.        
-4.         100.u      1.         4.         999.99     Inf        1.        
-5.         999.99     10.Meg     5.         100.u      Inf        1.        
-6.         100.u      1.         6.         999.99     Inf        1.        
-7.         999.99     10.Meg     7.         100.u      Inf        1.        
-8.         100.u      1.         8.         999.99     Inf        1.        
-9.         999.99     10.Meg     9.         100.u      Inf        1.        
-10.        100.u      1.         10.        999.99     Inf        1.        
-11.        999.99     10.Meg     11.        100.u      Inf        1.        
-12.        100.u      1.         12.        999.99     Inf        1.        
-13.        999.99     10.Meg     13.        100.u      Inf        1.        
-14.        100.u      1.         14.        999.99     Inf        1.        
-15.        999.99     10.Meg     15.        100.u      Inf        1.        
-16.        100.u      1.         16.        999.99     Inf        1.        
-17.        999.99     10.Meg     17.        100.u      Inf        1.        
-18.        100.u      1.         18.        999.99     Inf        1.        
-19.        999.99     10.Meg     19.        100.u      Inf        1.        
-20.        100.u      1.         20.        999.99     Inf        1.        
-21.        999.99     10.Meg     21.        100.u      Inf        1.        
-22.        100.u      1.         22.        999.99     Inf        1.        
-23.        999.99     10.Meg     23.        100.u      Inf        1.        
-24.        100.u      1.         24.        999.99     Inf        1.        
-25.        999.99     10.Meg     25.        100.u      Inf        1.        
-26.        100.u      1.         26.        999.99     Inf        1.        
-27.        999.99     10.Meg     27.        100.u      Inf        1.        
-28.        100.u      1.         28.        999.99     Inf        1.        
-29.        999.99     10.Meg     29.        100.u      Inf        1.        
-30.        100.u      1.         30.        999.99     Inf        1.        
-31.        999.99     10.Meg     31.        100.u      Inf        1.        
-32.        100.u      1.         32.        999.99     Inf        1.        
-33.        999.99     10.Meg     33.        100.u      Inf        1.        
-34.        100.u      1.         34.        999.99     Inf        1.        
-35.        999.99     10.Meg     35.        100.u      Inf        1.        
-36.        100.u      1.         36.        999.99     Inf        1.        
-37.        999.99     10.Meg     37.        100.u      Inf        1.        
-38.        100.u      1.         38.        999.99     Inf        1.        
-39.        999.99     10.Meg     39.        100.u      Inf        1.        
-40.        100.u      1.         40.        999.99     Inf        1.        
-41.        999.99     10.Meg     41.        100.u      Inf        1.        
-42.        100.u      1.         42.        999.99     Inf        1.        
-43.        999.99     10.Meg     43.        100.u      Inf        1.        
-44.        100.u      1.         44.        999.99     Inf        1.        
-45.        999.99     10.Meg     45.        100.u      Inf        1.        
-46.        100.u      1.         46.        999.99     Inf        1.        
-47.        999.99     10.Meg     47.        100.u      Inf        1.        
-48.        100.u      1.         48.        999.99     Inf        1.        
-49.        999.99     10.Meg     49.        100.u      Inf        1.        
-50.        100.u      1.         50.        999.99     Inf        1.        
-51.        999.99     10.Meg     51.        100.u      Inf        1.        
-52.        100.u      1.         52.        999.99     Inf        1.        
-53.        999.99     10.Meg     53.        100.u      Inf        1.        
-54.        100.u      1.         54.        999.99     Inf        1.        
-55.        999.99     10.Meg     55.        100.u      Inf        1.        
-56.        100.u      1.         56.        999.99     Inf        1.        
-57.        999.99     10.Meg     57.        100.u      Inf        1.        
-58.        100.u      1.         58.        999.99     Inf        1.        
-59.        999.99     10.Meg     59.        100.u      Inf        1.        
-60.        100.u      1.         60.        999.99     Inf        1.        
-61.        999.99     10.Meg     61.        100.u      Inf        1.        
-62.        100.u      1.         62.        999.99     Inf        1.        
-63.        999.99     10.Meg     63.        100.u      Inf        1.        
-64.        100.u      1.         64.        999.99     Inf        1.        
-65.        999.99     10.Meg     65.        100.u      Inf        1.        
-66.        100.u      1.         66.        999.99     Inf        1.        
-67.        999.99     10.Meg     67.        100.u      Inf        1.        
-68.        100.u      1.         68.        999.99     Inf        1.        
-69.        999.99     10.Meg     69.        100.u      Inf        1.        
-70.        100.u      1.         70.        999.99     Inf        1.        
-71.        999.99     10.Meg     71.        100.u      Inf        1.        
-72.        100.u      1.         72.        999.99     Inf        1.        
-73.        999.99     10.Meg     73.        100.u      Inf        1.        
-74.        100.u      1.         74.        999.99     Inf        1.        
-75.        999.99     10.Meg     75.        100.u      Inf        1.        
-76.        100.u      1.         76.        999.99     Inf        1.        
-77.        999.99     10.Meg     77.        100.u      Inf        1.        
-78.        100.u      1.         78.        999.99     Inf        1.        
-79.        999.99     10.Meg     79.        100.u      Inf        1.        
-80.        100.u      1.         80.        999.99     Inf        1.        
-81.        999.99     10.Meg     81.        100.u      Inf        1.        
-82.        100.u      1.         82.        999.99     Inf        1.        
-83.        999.99     10.Meg     83.        100.u      Inf        1.        
-84.        100.u      1.         84.        999.99     Inf        1.        
-85.        999.99     10.Meg     85.        100.u      Inf        1.        
-86.        100.u      1.         86.        999.99     Inf        1.        
-87.        999.99     10.Meg     87.        100.u      Inf        1.        
-88.        100.u      1.         88.        999.99     Inf        1.        
-89.        999.99     10.Meg     89.        100.u      Inf        1.        
-90.        100.u      1.         90.        999.99     Inf        1.        
-91.        999.99     10.Meg     91.        100.u      Inf        1.        
-92.        100.u      1.         92.        999.99     Inf        1.        
-93.        999.99     10.Meg     93.        100.u      Inf        1.        
-94.        100.u      1.         94.        999.99     Inf        1.        
-95.        999.99     10.Meg     95.        100.u      Inf        1.        
-96.        100.u      1.         96.        999.99     Inf        1.        
-97.        999.99     10.Meg     97.        100.u      Inf        1.        
-98.        100.u      1.         98.        999.99     Inf        1.        
-99.        999.99     10.Meg     99.        100.u      Inf        1.        
-100.       100.u      1.         100.       999.99     Inf        1.        
did not converge
 0.         999.99     10.Meg     101.       100.u      0.         1.        
 0.         999.99     1.         0.         999.99     0.         7.        
-1.         100.u      1.         1.         999.99     0.         7.        
 2.p        100.u      1.         2.         999.99     2.p        7.        
 0.         100.u      10.Meg     0.         100.u      2.p        7.        
-1.         100.2u     10.Meg     1.         100.u      2.p        7.        
 4.p        100.2u     10.Meg     2.         100.u      49.749u    7.        
 0.         100.2u     10.Meg     0.         100.2u     49.749u    6.        
-1.         240.2u     10.Meg     1.         100.2u     49.749u    6.        
 1.404n     240.2u     10.Meg     2.         100.2u     49.749u    6.        
 0.         240.2u     10.Meg     0.         240.2u     49.749u    6.        
-1.         0.50004    10.Meg     1.         240.2u     49.749u    6.        
-2.         0.50004    10.Meg     2.         240.2u     49.749u    6.        
 5.0007u    0.50004    10.Meg     3.         240.2u     49.761u    6.        
 0.         0.50004    10.Meg     0.         0.50004    49.761u    1.        
-1.         0.9996     10.Meg     1.         0.50004    49.761u    1.        
-2.         0.9996     10.Meg     2.         0.50004    49.761u    1.        
 10.u       0.9996     10.Meg     3.         0.50004    49.784u    1.        
 0.         0.9996     10.Meg     0.         0.9996     49.784u    1.        
-1.         1.9981     10.Meg     1.         0.9996     49.784u    1.        
-2.         1.9981     10.Meg     2.         0.9996     49.784u    1.        
 20.u       1.9981     10.Meg     3.         0.9996     49.814u    1.        
 0.         1.9981     10.Meg     0.         1.9981     49.814u    1.        
-1.         2.9956     10.Meg     1.         1.9981     49.814u    1.        
-2.         2.9956     10.Meg     2.         1.9981     49.814u    1.        
 30.u       2.9956     10.Meg     3.         1.9981     49.844u    1.        
 0.         2.9956     10.Meg     0.         2.9956     49.844u    1.        
-1.         3.9921     10.Meg     1.         2.9956     49.844u    1.        
-2.         3.9921     10.Meg     2.         2.9956     49.844u    1.        
 40.u       3.9921     10.Meg     3.         2.9956     49.863u    1.        
 0.         3.9921     10.Meg     0.         3.9921     49.863u    7.        
-1.         4.974      10.Meg     1.         3.9921     49.863u    7.        
-2.         4.974      10.Meg     2.         3.9921     49.863u    7.        
 49.863u    4.974      10.Meg     3.         3.9921     49.873u    7.        
 0.         4.974      10.Meg     0.         4.974      49.873u    7.        
-1.         4.975      10.Meg     1.         4.974      49.873u    7.        
 49.873u    4.975      10.Meg     2.         4.974      49.873u    7.        
 0.         4.975      10.Meg     0.         4.975      49.873u    7.        
-1.         4.975      10.Meg     1.         4.975      49.873u    7.        
 49.873u    4.975      10.Meg     2.         4.975      49.873u    7.        
 0.         4.975      10.Meg     0.         4.975      49.873u    7.        
-1.         4.975      10.Meg     1.         4.975      49.873u    7.        
 49.873u    4.975      10.Meg     2.         4.975      49.873u    7.        
 0.         4.975      1.         0.         4.975      49.873u    7.        
-1.         4.9651     1.         1.         4.975      49.873u    7.        
 49.873u    4.9651     1.         2.         4.975      49.874u    7.        
 0.         4.9651     1.         0.         4.9651     49.874u    6.        
-1.         4.8959     1.         1.         4.9651     49.874u    6.        
 49.873u    4.8959     1.         2.         4.9651     49.874u    6.        
 0.         4.8959     1.         0.         4.8959     49.874u    6.        
-1.         3.5789     1.         1.         4.8959     49.874u    6.        
 49.873u    3.5789     1.         2.         4.8959     49.874u    6.        
 0.         3.5789     1.         0.         3.5789     49.874u    7.        
-1.         1.4641     1.         1.         3.5789     49.874u    7.        
 49.874u    1.4641     1.         2.         3.5789     49.875u    7.        
 0.         1.4641     1.         0.         1.4641     49.875u    6.        
-1.         0.92748    1.         1.         1.4641     49.875u    6.        
 49.875u    0.92748    1.         2.         1.4641     49.876u    6.        
 0.         0.92748    1.         0.         0.92748    49.876u    6.        
-1.         0.58755    1.         1.         0.92748    49.876u    6.        
 49.875u    0.58755    1.         2.         0.92748    49.876u    6.        
 0.         0.58755    1.         0.         0.58755    49.876u    6.        
-1.         0.41402    1.         1.         0.58755    49.876u    6.        
 49.876u    0.41402    1.         2.         0.58755    49.876u    6.        
 0.         0.41402    1.         0.         0.41402    49.876u    6.        
-1.         0.29175    1.         1.         0.41402    49.876u    6.        
 49.876u    0.29175    1.         2.         0.41402    49.877u    6.        
 0.         0.29175    1.         0.         0.29175    49.877u    6.        
-1.         0.2056     1.         1.         0.29175    49.877u    6.        
 49.876u    0.2056     1.         2.         0.29175    49.877u    6.        
 0.         0.2056     1.         0.         0.2056     49.877u    6.        
-1.         0.1449     1.         1.         0.2056     49.877u    6.        
 49.877u    0.1449     1.         2.         0.2056     49.877u    6.        
 0.         0.1449     1.         0.         0.1449     49.877u    6.        
-1.         0.10212    1.         1.         0.1449     49.877u    6.        
 49.877u    0.10212    1.         2.         0.1449     49.878u    6.        
 0.         0.10212    1.         0.         0.10212    49.878u    6.        
-1.         0.071986   1.         1.         0.10212    49.878u    6.        
 49.877u    0.071986   1.         2.         0.10212    49.878u    6.        
 0.         0.071986   1.         0.         0.071986   49.878u    6.        
-1.         0.050752   1.         1.         0.071986   49.878u    6.        
 49.878u    0.050752   1.         2.         0.071986   49.878u    6.        
 0.         0.050752   1.         0.         0.050752   49.878u    6.        
-1.         0.035789   1.         1.         0.050752   49.878u    6.        
 49.878u    0.035789   1.         2.         0.050752   49.878u    6.        
 0.         0.035789   1.         0.         0.035789   49.878u    7.        
-1.         0.027861   1.         1.         0.035789   49.878u    7.        
 49.878u    0.027861   1.         2.         0.035789   49.878u    7.        
 0.         0.027861   1.         0.         0.027861   49.878u    7.        
-1.         0.025465   1.         1.         0.027861   49.878u    7.        
 49.878u    0.025465   1.         2.         0.027861   49.878u    7.        
 0.         0.025465   1.         0.         0.025465   49.878u    7.        
-1.         0.025025   1.         1.         0.025465   49.878u    7.        
 49.878u    0.025025   1.         2.         0.025465   49.878u    7.        
 0.         0.025025   1.         0.         0.025025   49.878u    7.        
-1.         0.024975   1.         1.         0.025025   49.878u    7.        
 49.878u    0.024975   1.         2.         0.025025   49.878u    7.        
 0.         0.024975   10.Meg     0.         0.024975   49.878u    7.        
-1.         0.024975   10.Meg     1.         0.024975   49.878u    7.        
 49.878u    0.024975   10.Meg     2.         0.024975   99.38u     7.        
 0.         0.024975   10.Meg     0.         0.024975   99.38u     6.        
-1.         0.025323   10.Meg     1.         0.024975   99.38u     6.        
 49.882u    0.025323   10.Meg     2.         0.024975   99.38u     6.        
 0.         0.025323   10.Meg     0.         0.025323   99.38u     1.        
-1.         0.037138   10.Meg     1.         0.025323   99.38u     1.        
-2.         0.037138   10.Meg     2.         0.025323   99.38u     1.        
 50.u       0.037138   10.Meg     3.         0.025323   99.38u     1.        
 0.         0.037138   10.Meg     0.         0.037138   99.38u     1.        
-1.         1.0366     10.Meg     1.         0.037138   99.38u     1.        
-2.         1.0366     10.Meg     2.         0.037138   99.38u     1.        
 60.u       1.0366     10.Meg     3.         0.037138   99.405u    1.        
 0.         1.0366     10.Meg     0.         1.0366     99.405u    1.        
-1.         2.0351     10.Meg     1.         1.0366     99.405u    1.        
-2.         2.0351     10.Meg     2.         1.0366     99.405u    1.        
 70.u       2.0351     10.Meg     3.         1.0366     99.445u    1.        
 0.         2.0351     10.Meg     0.         2.0351     99.445u    1.        
-1.         3.0325     10.Meg     1.         2.0351     99.445u    1.        
-2.         3.0325     10.Meg     2.         2.0351     99.445u    1.        
 80.u       3.0325     10.Meg     3.         2.0351     99.474u    1.        
 0.         3.0325     10.Meg     0.         3.0325     99.474u    1.        
-1.         4.029      10.Meg     1.         3.0325     99.474u    1.        
-2.         4.029      10.Meg     2.         3.0325     99.474u    1.        
 90.u       4.029      10.Meg     3.         3.0325     99.494u    1.        
 0.         4.029      10.Meg     0.         4.029      99.494u    7.        
-1.         4.9741     10.Meg     1.         4.029      99.494u    7.        
-2.         4.9741     10.Meg     2.         4.029      99.494u    7.        
 99.494u    4.9741     10.Meg     3.         4.029      99.503u    7.        
 0.         4.9741     10.Meg     0.         4.9741     99.503u    7.        
-1.         4.975      10.Meg     1.         4.9741     99.503u    7.        
 99.503u    4.975      10.Meg     2.         4.9741     99.503u    7.        
 0.         4.975      10.Meg     0.         4.975      99.503u    7.        
-1.         4.975      10.Meg     1.         4.975      99.503u    7.        
 99.503u    4.975      10.Meg     2.         4.975      99.503u    7.        
 0.         4.975      10.Meg     0.         4.975      99.503u    7.        
-1.         4.975      10.Meg     1.         4.975      99.503u    7.        
 99.503u    4.975      10.Meg     2.         4.975      99.503u    7.        
 0.         4.975      1.         0.         4.975      99.503u    7.        
-1.         4.9651     1.         1.         4.975      99.503u    7.        
 99.503u    4.9651     1.         2.         4.975      99.504u    7.        
 0.         4.9651     1.         0.         4.9651     99.504u    6.        
-1.         4.8959     1.         1.         4.9651     99.504u    6.        
 99.503u    4.8959     1.         2.         4.9651     99.504u    6.        
 0.         4.8959     1.         0.         4.8959     99.504u    6.        
-1.         3.5791     1.         1.         4.8959     99.504u    6.        
 99.503u    3.5791     1.         2.         4.8959     99.504u    6.        
 0.         3.5791     1.         0.         3.5791     99.504u    7.        
-1.         1.4642     1.         1.         3.5791     99.504u    7.        
 99.504u    1.4642     1.         2.         3.5791     99.505u    7.        
 0.         1.4642     1.         0.         1.4642     99.505u    6.        
-1.         0.927      1.         1.         1.4642     99.505u    6.        
 99.504u    0.927      1.         2.         1.4642     99.505u    6.        
 0.         0.927      1.         0.         0.927      99.505u    6.        
-1.         0.58692    1.         1.         0.927      99.505u    6.        
 99.505u    0.58692    1.         2.         0.927      99.506u    6.        
 0.         0.58692    1.         0.         0.58692    99.506u    6.        
-1.         0.41361    1.         1.         0.58692    99.506u    6.        
 99.505u    0.41361    1.         2.         0.58692    99.506u    6.        
 0.         0.41361    1.         0.         0.41361    99.506u    6.        
-1.         0.29148    1.         1.         0.41361    99.506u    6.        
 99.506u    0.29148    1.         2.         0.41361    99.506u    6.        
 0.         0.29148    1.         0.         0.29148    99.506u    6.        
-1.         0.20543    1.         1.         0.29148    99.506u    6.        
 99.506u    0.20543    1.         2.         0.29148    99.507u    6.        
 0.         0.20543    1.         0.         0.20543    99.507u    6.        
-1.         0.14478    1.         1.         0.20543    99.507u    6.        
 99.506u    0.14478    1.         2.         0.20543    99.507u    6.        
 0.         0.14478    1.         0.         0.14478    99.507u    6.        
-1.         0.10205    1.         1.         0.14478    99.507u    6.        
 99.507u    0.10205    1.         2.         0.14478    99.507u    6.        
 0.         0.10205    1.         0.         0.10205    99.507u    6.        
-1.         0.071942   1.         1.         0.10205    99.507u    6.        
 99.507u    0.071942   1.         2.         0.10205    99.507u    6.        
 0.         0.071942   1.         0.         0.071942   99.507u    6.        
-1.         0.050724   1.         1.         0.071942   99.507u    6.        
 99.507u    0.050724   1.         2.         0.071942   99.508u    6.        
 0.         0.050724   1.         0.         0.050724   99.508u    6.        
-1.         0.035773   1.         1.         0.050724   99.508u    6.        
 99.508u    0.035773   1.         2.         0.050724   99.508u    6.        
 0.         0.035773   1.         0.         0.035773   99.508u    7.        
-1.         0.027855   1.         1.         0.035773   99.508u    7.        
 99.508u    0.027855   1.         2.         0.035773   99.508u    7.        
 0.         0.027855   1.         0.         0.027855   99.508u    7.        
-1.         0.025464   1.         1.         0.027855   99.508u    7.        
 99.508u    0.025464   1.         2.         0.027855   99.508u    7.        
 0.         0.025464   1.         0.         0.025464   99.508u    7.        
-1.         0.025025   1.         1.         0.025464   99.508u    7.        
 99.508u    0.025025   1.         2.         0.025464   99.508u    7.        
 0.         0.025025   1.         0.         0.025025   99.508u    7.        
-1.         0.024975   1.         1.         0.025025   99.508u    7.        
 99.508u    0.024975   1.         2.         0.025025   99.508u    7.        
 0.         0.024975   10.Meg     0.         0.024975   99.508u    7.        
-1.         0.024975   10.Meg     1.         0.024975   99.508u    7.        
 99.508u    0.024975   10.Meg     2.         0.024975   149.01u    7.        
 0.         0.024975   10.Meg     0.         0.024975   149.01u    6.        
-1.         0.025324   10.Meg     1.         0.024975   149.01u    6.        
 99.511u    0.025324   10.Meg     2.         0.024975   149.01u    6.        
 0.         0.025324   10.Meg     0.         0.025324   149.01u    1.        
-1.         0.074176   10.Meg     1.         0.025324   149.01u    1.        
-2.         0.074176   10.Meg     2.         0.025324   149.01u    1.        
 100.u      0.074176   10.Meg     3.         0.025324   149.01u    1.        
 0.         0.074176   10.Meg     0.         0.074176   149.01u    1.        
-1.         1.0736     10.Meg     1.         0.074176   149.01u    1.        
-2.         1.0736     10.Meg     2.         0.074176   149.01u    1.        
 110.u      1.0736     10.Meg     3.         0.074176   149.04u    1.        
 0.         1.0736     10.Meg     0.         1.0736     149.04u    1.        
-1.         2.072      10.Meg     1.         1.0736     149.04u    1.        
-2.         2.072      10.Meg     2.         1.0736     149.04u    1.        
 120.u      2.072      10.Meg     3.         1.0736     149.08u    1.        
 0.         2.072      10.Meg     0.         2.072      149.08u    1.        
-1.         3.0695     10.Meg     1.         2.072      149.08u    1.        
-2.         3.0695     10.Meg     2.         2.072      149.08u    1.        
 130.u      3.0695     10.Meg     3.         2.072      149.1u     1.        
 0.         3.0695     10.Meg     0.         3.0695     149.1u     1.        
-1.         4.0659     10.Meg     1.         3.0695     149.1u     1.        
-2.         4.0659     10.Meg     2.         3.0695     149.1u     1.        
 140.u      4.0659     10.Meg     3.         3.0695     149.12u    1.        
 0.         4.0659     10.Meg     0.         4.0659     149.12u    7.        
-1.         4.9741     10.Meg     1.         4.0659     149.12u    7.        
-2.         4.9741     10.Meg     2.         4.0659     149.12u    7.        
 149.12u    4.9741     10.Meg     3.         4.0659     149.13u    7.        
 0.         4.9741     10.Meg     0.         4.9741     149.13u    7.        
-1.         4.975      10.Meg     1.         4.9741     149.13u    7.        
 149.13u    4.975      10.Meg     2.         4.9741     149.13u    7.        
 0.         4.975      10.Meg     0.         4.975      149.13u    7.        
-1.         4.975      10.Meg     1.         4.975      149.13u    7.        
 149.13u    4.975      10.Meg     2.         4.975      149.13u    7.        
 0.         4.975      10.Meg     0.         4.975      149.13u    7.        
-1.         4.975      10.Meg     1.         4.975      149.13u    7.        
 149.13u    4.975      10.Meg     2.         4.975      149.13u    7.        
 0.         4.975      1.         0.         4.975      149.13u    7.        
-1.         4.9651     1.         1.         4.975      149.13u    7.        
 149.13u    4.9651     1.         2.         4.975      149.13u    7.        
 0.         4.9651     1.         0.         4.9651     149.13u    6.        
-1.         4.8959     1.         1.         4.9651     149.13u    6.        
 149.13u    4.8959     1.         2.         4.9651     149.13u    6.        
 0.         4.8959     1.         0.         4.8959     149.13u    6.        
-1.         3.5787     1.         1.         4.8959     149.13u    6.        
 149.13u    3.5787     1.         2.         4.8959     149.13u    6.        
 0.         3.5787     1.         0.         3.5787     149.13u    7.        
-1.         1.4641     1.         1.         3.5787     149.13u    7.        
 149.13u    1.4641     1.         2.         3.5787     149.13u    7.        
 0.         1.4641     1.         0.         1.4641     149.13u    6.        
-1.         0.92666    1.         1.         1.4641     149.13u    6.        
 149.13u    0.92666    1.         2.         1.4641     149.13u    6.        
 0.         0.92666    1.         0.         0.92666    149.13u    6.        
-1.         0.58652    1.         1.         0.92666    149.13u    6.        
 149.13u    0.58652    1.         2.         0.92666    149.14u    6.        
 0.         0.58652    1.         0.         0.58652    149.14u    6.        
-1.         0.41327    1.         1.         0.58652    149.14u    6.        
 149.13u    0.41327    1.         2.         0.58652    149.14u    6.        
 0.         0.41327    1.         0.         0.41327    149.14u    6.        
-1.         0.2912     1.         1.         0.41327    149.14u    6.        
 149.14u    0.2912     1.         2.         0.41327    149.14u    6.        
 0.         0.2912     1.         0.         0.2912     149.14u    6.        
-1.         0.2052     1.         1.         0.2912     149.14u    6.        
 149.14u    0.2052     1.         2.         0.2912     149.14u    6.        
 0.         0.2052     1.         0.         0.2052     149.14u    6.        
-1.         0.14461    1.         1.         0.2052     149.14u    6.        
 149.14u    0.14461    1.         2.         0.2052     149.14u    6.        
 0.         0.14461    1.         0.         0.14461    149.14u    6.        
-1.         0.10192    1.         1.         0.14461    149.14u    6.        
 149.14u    0.10192    1.         2.         0.14461    149.14u    6.        
 0.         0.10192    1.         0.         0.10192    149.14u    6.        
-1.         0.071836   1.         1.         0.10192    149.14u    6.        
 149.14u    0.071836   1.         2.         0.10192    149.14u    6.        
 0.         0.071836   1.         0.         0.071836   149.14u    6.        
-1.         0.050643   1.         1.         0.071836   149.14u    6.        
 149.14u    0.050643   1.         2.         0.071836   149.14u    6.        
 0.         0.050643   1.         0.         0.050643   149.14u    6.        
-1.         0.035711   1.         1.         0.050643   149.14u    6.        
 149.14u    0.035711   1.         2.         0.050643   149.14u    6.        
 0.         0.035711   1.         0.         0.035711   149.14u    7.        
-1.         0.027835   1.         1.         0.035711   149.14u    7.        
 149.14u    0.027835   1.         2.         0.035711   149.14u    7.        
 0.         0.027835   1.         0.         0.027835   149.14u    7.        
-1.         0.025459   1.         1.         0.027835   149.14u    7.        
 149.14u    0.025459   1.         2.         0.027835   149.14u    7.        
 0.         0.025459   1.         0.         0.025459   149.14u    7.        
-1.         0.025024   1.         1.         0.025459   149.14u    7.        
 149.14u    0.025024   1.         2.         0.025459   149.14u    7.        
 0.         0.025024   1.         0.         0.025024   149.14u    7.        
-1.         0.024975   1.         1.         0.025024   149.14u    7.        
 149.14u    0.024975   1.         2.         0.025024   149.14u    7.        
 0.         0.024975   10.Meg     0.         0.024975   149.14u    7.        
-1.         0.024975   10.Meg     1.         0.024975   149.14u    7.        
 149.14u    0.024975   10.Meg     2.         0.024975   198.64u    7.        
 0.         0.024975   10.Meg     0.         0.024975   198.64u    6.        
-1.         0.025324   10.Meg     1.         0.024975   198.64u    6.        
 149.14u    0.025324   10.Meg     2.         0.024975   198.64u    6.        
 0.         0.025324   10.Meg     0.         0.025324   198.64u    1.        
-1.         0.11121    10.Meg     1.         0.025324   198.64u    1.        
-2.         0.11121    10.Meg     2.         0.025324   198.64u    1.        
 150.u      0.11121    10.Meg     3.         0.025324   198.64u    1.        
 0.         0.11121    10.Meg     0.         0.11121    198.64u    1.        
-1.         1.1106     10.Meg     1.         0.11121    198.64u    1.        
-2.         1.1106     10.Meg     2.         0.11121    198.64u    1.        
 160.u      1.1106     10.Meg     3.         0.11121    198.67u    1.        
 0.         1.1106     10.Meg     0.         1.1106     198.67u    1.        
-1.         2.109      10.Meg     1.         1.1106     198.67u    1.        
-2.         2.109      10.Meg     2.         1.1106     198.67u    1.        
 170.u      2.109      10.Meg     3.         1.1106     198.71u    1.        
 0.         2.109      10.Meg     0.         2.109      198.71u    1.        
-1.         3.1064     10.Meg     1.         2.109      198.71u    1.        
-2.         3.1064     10.Meg     2.         2.109      198.71u    1.        
 180.u      3.1064     10.Meg     3.         2.109      198.74u    1.        
 0.         3.1064     10.Meg     0.         3.1064     198.74u    1.        
-1.         4.1028     10.Meg     1.         3.1064     198.74u    1.        
-2.         4.1028     10.Meg     2.         3.1064     198.74u    1.        
 190.u      4.1028     10.Meg     3.         3.1064     198.75u    1.        
 0.         4.1028     10.Meg     0.         4.1028     198.75u    7.        
-1.         4.9742     10.Meg     1.         4.1028     198.75u    7.        
-2.         4.9742     10.Meg     2.         4.1028     198.75u    7.        
 198.75u    4.9742     10.Meg     3.         4.1028     198.76u    7.        
 0.         4.9742     10.Meg     0.         4.9742     198.76u    7.        
-1.         4.975      10.Meg     1.         4.9742     198.76u    7.        
 198.76u    4.975      10.Meg     2.         4.9742     198.76u    7.        
 0.         4.975      10.Meg     0.         4.975      198.76u    7.        
-1.         4.975      10.Meg     1.         4.975      198.76u    7.        
 198.76u    4.975      10.Meg     2.         4.975      198.76u    7.        
 0.         4.975      10.Meg     0.         4.975      198.76u    7.        
-1.         4.975      10.Meg     1.         4.975      198.76u    7.        
 198.76u    4.975      10.Meg     2.         4.975      198.76u    7.        
 0.         4.975      1.         0.         4.975      198.76u    7.        
-1.         4.9651     1.         1.         4.975      198.76u    7.        
 198.76u    4.9651     1.         2.         4.975      198.76u    7.        
 0.         4.9651     1.         0.         4.9651     198.76u    6.        
-1.         4.8959     1.         1.         4.9651     198.76u    6.        
 198.76u    4.8959     1.         2.         4.9651     198.76u    6.        
 0.         4.8959     1.         0.         4.8959     198.76u    6.        
-1.         3.5789     1.         1.         4.8959     198.76u    6.        
 198.76u    3.5789     1.         2.         4.8959     198.76u    6.        
 0.         3.5789     1.         0.         3.5789     198.76u    7.        
-1.         1.4641     1.         1.         3.5789     198.76u    7.        
 198.76u    1.4641     1.         2.         3.5789     198.76u    7.        
 0.         1.4641     1.         0.         1.4641     198.76u    6.        
-1.         0.92672    1.         1.         1.4641     198.76u    6.        
 198.76u    0.92672    1.         2.         1.4641     198.76u    6.        
 0.         0.92672    1.         0.         0.92672    198.76u    6.        
-1.         0.58658    1.         1.         0.92672    198.76u    6.        
 198.76u    0.58658    1.         2.         0.92672    198.76u    6.        
 0.         0.58658    1.         0.         0.58658    198.76u    6.        
-1.         0.41333    1.         1.         0.58658    198.76u    6.        
 198.76u    0.41333    1.         2.         0.58658    198.77u    6.        
 0.         0.41333    1.         0.         0.41333    198.77u    6.        
-1.         0.29126    1.         1.         0.41333    198.77u    6.        
 198.76u    0.29126    1.         2.         0.41333    198.77u    6.        
 0.         0.29126    1.         0.         0.29126    198.77u    6.        
-1.         0.20525    1.         1.         0.29126    198.77u    6.        
 198.77u    0.20525    1.         2.         0.29126    198.77u    6.        
 0.         0.20525    1.         0.         0.20525    198.77u    6.        
-1.         0.14465    1.         1.         0.20525    198.77u    6.        
 198.77u    0.14465    1.         2.         0.20525    198.77u    6.        
 0.         0.14465    1.         0.         0.14465    198.77u    6.        
-1.         0.10195    1.         1.         0.14465    198.77u    6.        
 198.77u    0.10195    1.         2.         0.14465    198.77u    6.        
 0.         0.10195    1.         0.         0.10195    198.77u    6.        
-1.         0.071864   1.         1.         0.10195    198.77u    6.        
 198.77u    0.071864   1.         2.         0.10195    198.77u    6.        
 0.         0.071864   1.         0.         0.071864   198.77u    6.        
-1.         0.050665   1.         1.         0.071864   198.77u    6.        
 198.77u    0.050665   1.         2.         0.071864   198.77u    6.        
 0.         0.050665   1.         0.         0.050665   198.77u    6.        
-1.         0.035728   1.         1.         0.050665   198.77u    6.        
 198.77u    0.035728   1.         2.         0.050665   198.77u    6.        
 0.         0.035728   1.         0.         0.035728   198.77u    7.        
-1.         0.027841   1.         1.         0.035728   198.77u    7.        
 198.77u    0.027841   1.         2.         0.035728   198.77u    7.        
 0.         0.027841   1.         0.         0.027841   198.77u    7.        
-1.         0.02546    1.         1.         0.027841   198.77u    7.        
 198.77u    0.02546    1.         2.         0.027841   198.77u    7.        
 0.         0.02546    1.         0.         0.02546    198.77u    7.        
-1.         0.025024   1.         1.         0.02546    198.77u    7.        
 198.77u    0.025024   1.         2.         0.02546    198.77u    7.        
 0.         0.025024   1.         0.         0.025024   198.77u    7.        
-1.         0.024975   1.         1.         0.025024   198.77u    7.        
 198.77u    0.024975   1.         2.         0.025024   198.77u    7.        
 0.         0.024975   10.Meg     0.         0.024975   198.77u    7.        
-1.         0.024975   10.Meg     1.         0.024975   198.77u    7.        
 198.77u    0.024975   10.Meg     2.         0.024975   248.27u    7.        
 0.         0.024975   10.Meg     0.         0.024975   248.27u    6.        
-1.         0.025324   10.Meg     1.         0.024975   248.27u    6.        
 198.77u    0.025324   10.Meg     2.         0.024975   248.27u    6.        
 0.         0.025324   10.Meg     0.         0.025324   248.27u    1.        
-1.         0.14825    10.Meg     1.         0.025324   248.27u    1.        
-2.         0.14825    10.Meg     2.         0.025324   248.27u    1.        
 200.u      0.14825    10.Meg     3.         0.025324   248.27u    1.        
Gnucap   System status
iterations: op=0, dc=0, tran=366, fourier=0, total=487
transient timesteps: accepted=121, rejected=0, total=121
nodes: user=1, subckt=0, model=0, total=1
dctran density=100.0%, ac density=100.0%
