' 
#Time       v(1)       v(2)       v(3)       v(4)       v(5)       v(6)       q(C1)      q(C2)      q(C3)      dq(C1)     dq(C2)     dq(C3)     dqdt(C1)   dqdt(C2)  
+ dqdt(C3)   i(C1)      i(C2)      i(C3)      timef(C1)  timef(C2)  timef(C3) 
 0.         0.         0.         1.         0.         2.         0.         0.         0.         0.         0.         0.         0.         0.         0.        
+ 0.         0.         0.         0.         Inf        Inf        Inf       
 0.1        1.         0.09518    1.         0.09518    2.         0.0951~    95.18~n    95.18n     190.3~n    57.17~n    57.17~n    114.3~n    933.4~n    933.~n    
+ 1.866~u    904.82n    30.45u     126.21u    0.29203    0.29203    0.292~    
 0.2        1.         0.18135    1.         0.18135    2.         0.18135    181.3~n    181.35n    362.7~n    86.17~n    86.17~n    172.3~n    861.7~n    861.~n    
+ 1.723~u    818.65n    17.192u    74.383u    0.45743    0.45743    0.457~    
 0.3        1.         0.25932    1.         0.25932    2.         0.25932    259.3~n    259.32n    518.6~n    77.96~n    77.96~n    155.9~n    779.6~n    779.~n    
+ 1.559~u    740.68n    15.554u    71.109u    0.6029     0.6029     0.602~    
 0.4        1.         0.32986    1.         0.32986    2.         0.32986    329.8~n    329.86n    659.7~n    70.54~n    70.54~n    141.0~n    705.4~n    705.~n    
+ 1.410~u    670.14n    14.073u    68.146u    0.7285     0.7285     0.7285    
 0.5        1.         0.39368    1.         0.39368    2.         0.39368    393.6~n    393.68n    787.3~n    63.82~n    63.82~n    127.6~n    638.2~n    638.~n    
+ 1.276~u    606.32n    12.733u    65.465u    0.86027    0.86027    0.860~    
 0.6        1.         0.45143    1.         0.45143    2.         0.45143    451.4~n    451.43n    902.8~n    57.74~n    57.74~n    115.4~n    577.4~n    577.~n    
+ 1.154~u    548.57n    11.52u     63.04u     0.98988    0.98988    0.98988   
 0.7        1.         0.50367    1.         0.50367    2.         0.50367    503.6~n    503.67n    1.007~u    52.24~n    52.24~n    104.4~n    522.4~n    522.~n    
+ 1.044~u    496.33n    10.423u    60.846u    1.1181     1.1181     1.1181    
 0.8        1.         0.55094    1.         0.55094    2.         0.55094    550.9~n    550.94n    1.101~u    47.269n    47.26~n    94.53~n    472.6~n    472.~n    
+ 945.3~n    449.06n    9.4302u    58.86u     1.2454     1.2454     1.2454    
 0.9        1.         0.59371    1.         0.59371    2.         0.59371    593.7~n    593.71n    1.187~u    42.767n    42.76~n    85.53~n    427.6~n    427.~n    
+ 855.3~n    406.29n    8.5321u    57.064u    1.3721     1.3721     1.3721    
 1.         1.         0.6324     1.         0.6324     2.         0.6324     632.4n     632.4n     1.264~u    38.694n    38.69~n    77.38~n    386.9~n    386.~n    
+ 773.8~n    367.6n     7.7195u    55.439u    1.4985     1.4985     1.4985    
Gnucap   System status
iterations: op=0, dc=0, tran=60, fourier=0, total=75
transient timesteps: accepted=15, rejected=0, total=15
nodes: user=6, subckt=0, model=0, total=6
dctran density=55.6%, ac density=55.6%
